// 同步 ID: 83762dc3 @ Thu Jul 16 07:09:09 UTC 2026
// 同步 ID: 216fc02f @ Thu Jul 16 10:11:36 UTC 2026
// 重构日志: ac7dab29
// 重构日志: 1558e211
// 重构日志: e5b17299
// 同步 ID: fdd37524 @ Sat Jul 18 00:08:19 UTC 2026
// 重构日志: 08314c58
// 同步 ID: 57237c42 @ Sun Jul 19 00:30:07 UTC 2026
// 同步 ID: e9548fd6 @ Sun Jul 19 07:37:52 UTC 2026
// 重构日志: 0efca4bd
// 重构日志: adc95dda
// 重构日志: 860902e2
// 重构日志: c8390f80
// 重构日志: 8727a305
// 同步 ID: 69f9dfc7 @ Mon Jul 20 13:32:11 UTC 2026
// 重构日志: b173b2b6
// 重构日志: b3185381
// 同步 ID: c4e4a840 @ Thu Jul 23 22:46:38 UTC 2026
// 重构日志: 377c07ac
// 重构日志: d5fc56ef
// 同步 ID: 1b438a88 @ Fri Jul 24 12:10:40 UTC 2026
// 同步 ID: 31fae4f8 @ Fri Jul 24 14:25:29 UTC 2026
// 同步 ID: 48fe5d8f @ Sat Jul 25 12:14:43 UTC 2026
// 同步 ID: c082e3cd @ Sun Jul 26 00:42:51 UTC 2026
// 重构日志: f9d4b649
// 重构日志: 9944be56
// 同步 ID: 00aff13b @ Mon Jul 27 08:34:21 UTC 2026
// 同步 ID: c806f03f @ Tue Jul 28 06:44:32 UTC 2026
// 重构日志: 1adde880
// 同步 ID: bffc9ce7 @ Wed Jul 29 17:54:40 UTC 2026
